<html>
<body>
<pre>
<h1>µVision Build Log</h1>
<h2>Tool Versions:</h2>
IDE-Version: µVision V5.25.2.0
Copyright (C) 2018 ARM Ltd and ARM Germany GmbH. All rights reserved.
License Information: saba em, fum, LIC=YA330-BLA1F-AQE0M-XW6TE-5LI21-MGCP3
 
Tool Versions:
Toolchain:       MDK-ARM Plus  Version: 5.25.2.0
Toolchain Path:  E:\Keil_v5\ARM\ARMCC\Bin
C Compiler:      Armcc.exe V5.06 update 6 (build 750)
Assembler:       Armasm.exe V5.06 update 6 (build 750)
Linker/Locator:  ArmLink.exe V5.06 update 6 (build 750)
Library Manager: ArmAr.exe V5.06 update 6 (build 750)
Hex Converter:   FromElf.exe V5.06 update 6 (build 750)
CPU DLL:         SARMCM3.DLL V5.25.2.0
Dialog DLL:      DCM.DLL V1.17.1.0
Target DLL:      STLink\ST-LINKIII-KEIL_SWO.dll V3.0.1.0
Dialog DLL:      TCM.DLL V1.35.1.0
 
<h2>Project:</h2>
C:\Users\ITPardaz\Desktop\New folder\S5T2\MDK-ARM\S5T2.uvprojx
Project File Date:  08/09/2020

<h2>Output:</h2>
*** Using Compiler 'V5.06 update 6 (build 750)', folder: 'E:\Keil_v5\ARM\ARMCC\Bin'
Build target 'S5T2'
compiling stm32f3xx_it.c...
../Src/stm32f3xx_it.c(52): warning:  #188-D: enumerated type mixed with another type
  HAL_GPIO_WritePin(GPIOD,GPIO_PIN_1,x1);
../Src/stm32f3xx_it.c(53): warning:  #188-D: enumerated type mixed with another type
  HAL_GPIO_WritePin(GPIOD,GPIO_PIN_2,x2);
../Src/stm32f3xx_it.c(54): warning:  #188-D: enumerated type mixed with another type
  HAL_GPIO_WritePin(GPIOD,GPIO_PIN_3,x3);
../Src/stm32f3xx_it.c(55): warning:  #188-D: enumerated type mixed with another type
  HAL_GPIO_WritePin(GPIOD,GPIO_PIN_4,x4);
../Src/stm32f3xx_it.c(133): warning:  #188-D: enumerated type mixed with another type
  		HAL_GPIO_WritePin(GPIOC,GPIO_PIN_11,1);
../Src/stm32f3xx_it.c(134): warning:  #188-D: enumerated type mixed with another type
  		HAL_GPIO_WritePin(GPIOC,GPIO_PIN_12,1);
../Src/stm32f3xx_it.c(135): warning:  #188-D: enumerated type mixed with another type
  		HAL_GPIO_WritePin(GPIOD,GPIO_PIN_0,1);
../Src/stm32f3xx_it.c(136): warning:  #188-D: enumerated type mixed with another type
  		HAL_GPIO_WritePin(GPIOC,GPIO_PIN_10,1);
../Src/stm32f3xx_it.c(137): warning:  #188-D: enumerated type mixed with another type
  		HAL_GPIO_WritePin(GPIOD,GPIO_PIN_5,0);
../Src/stm32f3xx_it.c(142): warning:  #188-D: enumerated type mixed with another type
  		if(h>=ha) HAL_GPIO_WritePin(GPIOD,GPIO_PIN_5,0);
../Src/stm32f3xx_it.c(143): warning:  #188-D: enumerated type mixed with another type
  		else HAL_GPIO_WritePin(GPIOD,GPIO_PIN_5,1);
../Src/stm32f3xx_it.c(146): warning:  #188-D: enumerated type mixed with another type
  		HAL_GPIO_WritePin(GPIOC,GPIO_PIN_11,1);
../Src/stm32f3xx_it.c(147): warning:  #188-D: enumerated type mixed with another type
  		HAL_GPIO_WritePin(GPIOC,GPIO_PIN_12,1);
../Src/stm32f3xx_it.c(148): warning:  #188-D: enumerated type mixed with another type
  		HAL_GPIO_WritePin(GPIOD,GPIO_PIN_0,1);
../Src/stm32f3xx_it.c(149): warning:  #188-D: enumerated type mixed with another type
  		HAL_GPIO_WritePin(GPIOC,GPIO_PIN_10,0);
../Src/stm32f3xx_it.c(153): warning:  #188-D: enumerated type mixed with another type
  		HAL_GPIO_WritePin(GPIOC,GPIO_PIN_12,1);
../Src/stm32f3xx_it.c(154): warning:  #188-D: enumerated type mixed with another type
  		HAL_GPIO_WritePin(GPIOD,GPIO_PIN_0,1);
../Src/stm32f3xx_it.c(155): warning:  #188-D: enumerated type mixed with another type
  		HAL_GPIO_WritePin(GPIOC,GPIO_PIN_10,1);
../Src/stm32f3xx_it.c(156): warning:  #188-D: enumerated type mixed with another type
  		HAL_GPIO_WritePin(GPIOC,GPIO_PIN_11,0);
../Src/stm32f3xx_it.c(160): warning:  #188-D: enumerated type mixed with another type
  		HAL_GPIO_WritePin(GPIOC,GPIO_PIN_11,1);
../Src/stm32f3xx_it.c(161): warning:  #188-D: enumerated type mixed with another type
  		HAL_GPIO_WritePin(GPIOC,GPIO_PIN_12,0);
../Src/stm32f3xx_it.c(162): warning:  #188-D: enumerated type mixed with another type
  		HAL_GPIO_WritePin(GPIOD,GPIO_PIN_0,1);
../Src/stm32f3xx_it.c(163): warning:  #188-D: enumerated type mixed with another type
  		HAL_GPIO_WritePin(GPIOC,GPIO_PIN_10,1);
../Src/stm32f3xx_it.c(167): warning:  #188-D: enumerated type mixed with another type
  		HAL_GPIO_WritePin(GPIOC,GPIO_PIN_11,1);
../Src/stm32f3xx_it.c(168): warning:  #188-D: enumerated type mixed with another type
  		HAL_GPIO_WritePin(GPIOC,GPIO_PIN_12,1);
../Src/stm32f3xx_it.c(169): warning:  #188-D: enumerated type mixed with another type
  		HAL_GPIO_WritePin(GPIOD,GPIO_PIN_0,0);
../Src/stm32f3xx_it.c(170): warning:  #188-D: enumerated type mixed with another type
  		HAL_GPIO_WritePin(GPIOC,GPIO_PIN_10,1);
../Src/stm32f3xx_it.c: 27 warnings, 0 errors
linking...
Program Size: Code=10772 RO-data=472 RW-data=36 ZI-data=2372  
"S5T2\S5T2.axf" - 0 Error(s), 27 Warning(s).

<h2>Software Packages used:</h2>

Package Vendor: ARM
                http://www.keil.com/pack/ARM.CMSIS.5.3.0.pack
                ARM.CMSIS.5.3.0
                CMSIS (Cortex Microcontroller Software Interface Standard)
   * Component: CORE Version: 5.1.1

Package Vendor: Keil
                http://www.keil.com/pack/Keil.STM32F3xx_DFP.2.1.0.pack
                Keil.STM32F3xx_DFP.2.1.0
                STMicroelectronics STM32F3 Series Device Support and Examples

<h2>Collection of Component include folders:</h2>
  .\RTE\_S5T2
  E:\Keil_v5\ARM\PACK\ARM\CMSIS\5.3.0\CMSIS\Include
  E:\Keil_v5\ARM\PACK\Keil\STM32F3xx_DFP\2.1.0\Drivers\CMSIS\Device\ST\STM32F3xx\Include

<h2>Collection of Component Files used:</h2>

   * Component: ARM::CMSIS:CORE:5.1.1
Build Time Elapsed:  00:00:08
</pre>
</body>
</html>
